{
  "version": "1.5.0",
  "plugins_used": [
    {
      "name": "ArtifactoryDetector"
    },
    {
      "name": "AWSKeyDetector"
    },
    {
      "name": "AzureStorageKeyDetector"
    },
    {
      "name": "Base64HighEntropyString",
      "limit": 4.5
    },
    {
      "name": "BasicAuthDetector"
    },
    {
      "name": "CloudantDetector"
    },
    {
      "name": "DiscordBotTokenDetector"
    },
    {
      "name": "GitHubTokenDetector"
    },
    {
      "name": "GitLabTokenDetector"
    },
    {
      "name": "HexHighEntropyString",
      "limit": 3.0
    },
    {
      "name": "IbmCloudIamDetector"
    },
    {
      "name": "IbmCosHmacDetector"
    },
    {
      "name": "IPPublicDetector"
    },
    {
      "name": "JwtTokenDetector"
    },
    {
      "name": "KeywordDetector",
      "keyword_exclude": ""
    },
    {
      "name": "MailchimpDetector"
    },
    {
      "name": "NpmDetector"
    },
    {
      "name": "OpenAIDetector"
    },
    {
      "name": "PrivateKeyDetector"
    },
    {
      "name": "PypiTokenDetector"
    },
    {
      "name": "SendGridDetector"
    },
    {
      "name": "SlackDetector"
    },
    {
      "name": "SoftlayerDetector"
    },
    {
      "name": "SquareOAuthDetector"
    },
    {
      "name": "StripeDetector"
    },
    {
      "name": "TelegramBotTokenDetector"
    },
    {
      "name": "TwilioKeyDetector"
    }
  ],
  "filters_used": [
    {
      "path": "detect_secrets.filters.allowlist.is_line_allowlisted"
    },
    {
      "path": "detect_secrets.filters.common.is_baseline_file",
      "filename": ".secrets.baseline"
    },
    {
      "path": "detect_secrets.filters.common.is_ignored_due_to_verification_policies",
      "min_level": 2
    },
    {
      "path": "detect_secrets.filters.heuristic.is_indirect_reference"
    },
    {
      "path": "detect_secrets.filters.heuristic.is_likely_id_string"
    },
    {
      "path": "detect_secrets.filters.heuristic.is_lock_file"
    },
    {
      "path": "detect_secrets.filters.heuristic.is_not_alphanumeric_string"
    },
    {
      "path": "detect_secrets.filters.heuristic.is_potential_uuid"
    },
    {
      "path": "detect_secrets.filters.heuristic.is_prefixed_with_dollar_sign"
    },
    {
      "path": "detect_secrets.filters.heuristic.is_sequential_string"
    },
    {
      "path": "detect_secrets.filters.heuristic.is_swagger_file"
    },
    {
      "path": "detect_secrets.filters.heuristic.is_templated_secret"
    }
  ],
  "results": {
    "docker-compose.yml": [
      {
        "type": "Secret Keyword",
        "filename": "docker-compose.yml",
        "hashed_secret": "38342ee7e2eaca325bc1e76664c30d4d219ad3cd",
        "is_verified": false,
        "line_number": 7
      }
    ],
    "migrations\\versions\\876ce331ae0b_add_otp_fields.py": [
      {
        "type": "Hex High Entropy String",
        "filename": "migrations\\versions\\876ce331ae0b_add_otp_fields.py",
        "hashed_secret": "1e553690b7acc0b77b07adc9ffca900b0dbaee5f",
        "is_verified": false,
        "line_number": 15
      }
    ],
    "migrations\\versions\\a1b2c3d4e5f6_add_security_columns.py": [
      {
        "type": "Hex High Entropy String",
        "filename": "migrations\\versions\\a1b2c3d4e5f6_add_security_columns.py",
        "hashed_secret": "ef678205593788329ff416ce5c65fa04f33a05bd",
        "is_verified": false,
        "line_number": 15
      }
    ],
    "migrations\\versions\\b7d4e8f12a3c_add_document_indexes.py": [
      {
        "type": "Hex High Entropy String",
        "filename": "migrations\\versions\\b7d4e8f12a3c_add_document_indexes.py",
        "hashed_secret": "f3ca911461e04ee7d876faa71c670bcb20b730a6",
        "is_verified": false,
        "line_number": 10
      },
      {
        "type": "Hex High Entropy String",
        "filename": "migrations\\versions\\b7d4e8f12a3c_add_document_indexes.py",
        "hashed_secret": "dca500d7a532e211a81716980a6c565547e1822b",
        "is_verified": false,
        "line_number": 11
      }
    ],
    "migrations\\versions\\c7d8e9f0a1b2_add_sessions_and_token_version.py": [
      {
        "type": "Hex High Entropy String",
        "filename": "migrations\\versions\\c7d8e9f0a1b2_add_sessions_and_token_version.py",
        "hashed_secret": "17d5416942e2138b43a39535c56439ad42161601",
        "is_verified": false,
        "line_number": 19
      }
    ],
    "migrations\\versions\\d2e4f6a8b0c1_widen_otp_code_for_sha256_hash.py": [
      {
        "type": "Hex High Entropy String",
        "filename": "migrations\\versions\\d2e4f6a8b0c1_widen_otp_code_for_sha256_hash.py",
        "hashed_secret": "4a53d1ed8b5ee89fea889265415431a707806c91",
        "is_verified": false,
        "line_number": 15
      }
    ],
    "migrations\\versions\\f9fe3a5c84a7_add_name_columns.py": [
      {
        "type": "Hex High Entropy String",
        "filename": "migrations\\versions\\f9fe3a5c84a7_add_name_columns.py",
        "hashed_secret": "dca500d7a532e211a81716980a6c565547e1822b",
        "is_verified": false,
        "line_number": 15
      }
    ],
    "tests\\services\\test_llm_service.py": [
      {
        "type": "Secret Keyword",
        "filename": "tests\\services\\test_llm_service.py",
        "hashed_secret": "e9a5f12a8ecbb3eb46eca5096b5c52aa5e7c9fdd",
        "is_verified": false,
        "line_number": 146
      }
    ],
    "tests\\test_auth.py": [
      {
        "type": "Secret Keyword",
        "filename": "tests\\test_auth.py",
        "hashed_secret": "1816851d10187b57a93235b52495e615629f906d",
        "is_verified": false,
        "line_number": 176
      },
      {
        "type": "Secret Keyword",
        "filename": "tests\\test_auth.py",
        "hashed_secret": "8a29aaf5687129c1d27b90578fc33ecc49d069dc",
        "is_verified": false,
        "line_number": 282
      },
      {
        "type": "Secret Keyword",
        "filename": "tests\\test_auth.py",
        "hashed_secret": "0d8b28805975effded2c628b96d75cd3b47bbdcf",
        "is_verified": false,
        "line_number": 448
      },
      {
        "type": "Secret Keyword",
        "filename": "tests\\test_auth.py",
        "hashed_secret": "d8ecf7db8fc9ec9c31bc5c9ae2929cc599c75f8d",
        "is_verified": false,
        "line_number": 474
      },
      {
        "type": "Secret Keyword",
        "filename": "tests\\test_auth.py",
        "hashed_secret": "bb723ed7f3c2e803756d5fece0d3e097b64df33d",
        "is_verified": false,
        "line_number": 676
      }
    ]
  },
  "generated_at": "2026-04-16T02:59:19Z"
}
